[     160ms] [INFO] %cDownload the React DevTools for a better development experience: https://react.dev/link/react-devtools font-weight:bold @ http://localhost:3003/_next/static/chunks/38544_next_dist_d3584be7._.js:2287
[     169ms] [LOG] [HMR] connected @ http://localhost:3003/_next/static/chunks/38544_next_dist_d3584be7._.js:2287
[   38565ms] [LOG] [Fast Refresh] rebuilding @ http://localhost:3003/_next/static/chunks/38544_next_dist_d3584be7._.js:2287
[   38591ms] [LOG] [Fast Refresh] done in 39ms @ http://localhost:3003/_next/static/chunks/38544_next_dist_d3584be7._.js:2287
[   42160ms] [LOG] [Fast Refresh] rebuilding @ http://localhost:3003/_next/static/chunks/38544_next_dist_d3584be7._.js:2287
[   42186ms] [LOG] [Fast Refresh] done in 37ms @ http://localhost:3003/_next/static/chunks/38544_next_dist_d3584be7._.js:2287
[   46689ms] [LOG] [Fast Refresh] rebuilding @ http://localhost:3003/_next/static/chunks/38544_next_dist_d3584be7._.js:2287
[   46716ms] [LOG] [Fast Refresh] done in 35ms @ http://localhost:3003/_next/static/chunks/38544_next_dist_d3584be7._.js:2287
[   49849ms] [LOG] [Fast Refresh] rebuilding @ http://localhost:3003/_next/static/chunks/38544_next_dist_d3584be7._.js:2287
[   49873ms] [LOG] [Fast Refresh] done in 37ms @ http://localhost:3003/_next/static/chunks/38544_next_dist_d3584be7._.js:2287
[   66382ms] [LOG] [Fast Refresh] rebuilding @ http://localhost:3003/_next/static/chunks/38544_next_dist_d3584be7._.js:2287
[   66409ms] [LOG] [Fast Refresh] done in 32ms @ http://localhost:3003/_next/static/chunks/38544_next_dist_d3584be7._.js:2287
[   94801ms] [LOG] [Fast Refresh] rebuilding @ http://localhost:3003/_next/static/chunks/38544_next_dist_d3584be7._.js:2287
[   94821ms] [LOG] [Fast Refresh] done in 73ms @ http://localhost:3003/_next/static/chunks/38544_next_dist_d3584be7._.js:2287
[  134258ms] [LOG] [Fast Refresh] rebuilding @ http://localhost:3003/_next/static/chunks/38544_next_dist_d3584be7._.js:2287
[  134284ms] [LOG] [Fast Refresh] done in 32ms @ http://localhost:3003/_next/static/chunks/38544_next_dist_d3584be7._.js:2287
[  137378ms] [LOG] [Fast Refresh] rebuilding @ http://localhost:3003/_next/static/chunks/38544_next_dist_d3584be7._.js:2287
[  137403ms] [LOG] [Fast Refresh] done in 28ms @ http://localhost:3003/_next/static/chunks/38544_next_dist_d3584be7._.js:2287
[  150172ms] [LOG] [Fast Refresh] rebuilding @ http://localhost:3003/_next/static/chunks/38544_next_dist_d3584be7._.js:2287
[  150199ms] [LOG] [Fast Refresh] done in 7ms @ http://localhost:3003/_next/static/chunks/38544_next_dist_d3584be7._.js:2287
[  166061ms] [LOG] [Fast Refresh] rebuilding @ http://localhost:3003/_next/static/chunks/38544_next_dist_d3584be7._.js:2287
[  166086ms] [LOG] [Fast Refresh] done in 33ms @ http://localhost:3003/_next/static/chunks/38544_next_dist_d3584be7._.js:2287
[  170836ms] [LOG] [Fast Refresh] rebuilding @ http://localhost:3003/_next/static/chunks/38544_next_dist_d3584be7._.js:2287
[  170863ms] [LOG] [Fast Refresh] done in 29ms @ http://localhost:3003/_next/static/chunks/38544_next_dist_d3584be7._.js:2287
[  174821ms] [LOG] [Fast Refresh] rebuilding @ http://localhost:3003/_next/static/chunks/38544_next_dist_d3584be7._.js:2287
[  174848ms] [LOG] [Fast Refresh] done in 29ms @ http://localhost:3003/_next/static/chunks/38544_next_dist_d3584be7._.js:2287
[  178639ms] [LOG] [Fast Refresh] rebuilding @ http://localhost:3003/_next/static/chunks/38544_next_dist_d3584be7._.js:2287
[  178666ms] [LOG] [Fast Refresh] done in 30ms @ http://localhost:3003/_next/static/chunks/38544_next_dist_d3584be7._.js:2287
[  182777ms] [LOG] [Fast Refresh] rebuilding @ http://localhost:3003/_next/static/chunks/38544_next_dist_d3584be7._.js:2287
[  182803ms] [LOG] [Fast Refresh] done in 32ms @ http://localhost:3003/_next/static/chunks/38544_next_dist_d3584be7._.js:2287
[  189483ms] [LOG] [Fast Refresh] rebuilding @ http://localhost:3003/_next/static/chunks/38544_next_dist_d3584be7._.js:2287
[  189508ms] [LOG] [Fast Refresh] done in 30ms @ http://localhost:3003/_next/static/chunks/38544_next_dist_d3584be7._.js:2287
[  192472ms] [LOG] [Fast Refresh] rebuilding @ http://localhost:3003/_next/static/chunks/38544_next_dist_d3584be7._.js:2287
[  192497ms] [LOG] [Fast Refresh] done in 28ms @ http://localhost:3003/_next/static/chunks/38544_next_dist_d3584be7._.js:2287
[  206238ms] [LOG] [Fast Refresh] rebuilding @ http://localhost:3003/_next/static/chunks/38544_next_dist_d3584be7._.js:2287
[  206265ms] [LOG] [Fast Refresh] done in 25ms @ http://localhost:3003/_next/static/chunks/38544_next_dist_d3584be7._.js:2287
[  209196ms] [LOG] [Fast Refresh] rebuilding @ http://localhost:3003/_next/static/chunks/38544_next_dist_d3584be7._.js:2287
[  209802ms] [LOG] [Fast Refresh] done in 707ms @ http://localhost:3003/_next/static/chunks/38544_next_dist_d3584be7._.js:2287
[  209903ms] [LOG] [Fast Refresh] rebuilding @ http://localhost:3003/_next/static/chunks/38544_next_dist_d3584be7._.js:2287
[  209982ms] [LOG] [Fast Refresh] done in 179ms @ http://localhost:3003/_next/static/chunks/38544_next_dist_d3584be7._.js:2287
[  211925ms] [LOG] [Fast Refresh] rebuilding @ http://localhost:3003/_next/static/chunks/38544_next_dist_d3584be7._.js:2287
[  211950ms] [LOG] [Fast Refresh] done in 33ms @ http://localhost:3003/_next/static/chunks/38544_next_dist_d3584be7._.js:2287
[  220275ms] [LOG] [Fast Refresh] rebuilding @ http://localhost:3003/_next/static/chunks/38544_next_dist_d3584be7._.js:2287
[  220300ms] [LOG] [Fast Refresh] done in 31ms @ http://localhost:3003/_next/static/chunks/38544_next_dist_d3584be7._.js:2287
[  227348ms] [LOG] [Fast Refresh] rebuilding @ http://localhost:3003/_next/static/chunks/38544_next_dist_d3584be7._.js:2287
[  227372ms] [LOG] [Fast Refresh] done in 36ms @ http://localhost:3003/_next/static/chunks/38544_next_dist_d3584be7._.js:2287
[  231567ms] [LOG] [Fast Refresh] rebuilding @ http://localhost:3003/_next/static/chunks/38544_next_dist_d3584be7._.js:2287
[  231592ms] [LOG] [Fast Refresh] done in 32ms @ http://localhost:3003/_next/static/chunks/38544_next_dist_d3584be7._.js:2287
[  234235ms] [LOG] [Fast Refresh] rebuilding @ http://localhost:3003/_next/static/chunks/38544_next_dist_d3584be7._.js:2287
[  234260ms] [LOG] [Fast Refresh] done in 32ms @ http://localhost:3003/_next/static/chunks/38544_next_dist_d3584be7._.js:2287
[  239477ms] [LOG] [Fast Refresh] rebuilding @ http://localhost:3003/_next/static/chunks/38544_next_dist_d3584be7._.js:2287
[  239503ms] [LOG] [Fast Refresh] done in 25ms @ http://localhost:3003/_next/static/chunks/38544_next_dist_d3584be7._.js:2287
[  243176ms] [LOG] [Fast Refresh] rebuilding @ http://localhost:3003/_next/static/chunks/38544_next_dist_d3584be7._.js:2287
[  243203ms] [LOG] [Fast Refresh] done in 29ms @ http://localhost:3003/_next/static/chunks/38544_next_dist_d3584be7._.js:2287
[  258041ms] [LOG] [Fast Refresh] rebuilding @ http://localhost:3003/_next/static/chunks/38544_next_dist_d3584be7._.js:2287
[  258066ms] [LOG] [Fast Refresh] done in 39ms @ http://localhost:3003/_next/static/chunks/38544_next_dist_d3584be7._.js:2287
[  269039ms] [LOG] [Fast Refresh] rebuilding @ http://localhost:3003/_next/static/chunks/38544_next_dist_d3584be7._.js:2287
[  269062ms] [LOG] [Fast Refresh] done in 38ms @ http://localhost:3003/_next/static/chunks/38544_next_dist_d3584be7._.js:2287
[  274407ms] [LOG] [Fast Refresh] rebuilding @ http://localhost:3003/_next/static/chunks/38544_next_dist_d3584be7._.js:2287
[  274432ms] [LOG] [Fast Refresh] done in 35ms @ http://localhost:3003/_next/static/chunks/38544_next_dist_d3584be7._.js:2287
[  281777ms] [LOG] [Fast Refresh] rebuilding @ http://localhost:3003/_next/static/chunks/38544_next_dist_d3584be7._.js:2287
[  281803ms] [LOG] [Fast Refresh] done in 31ms @ http://localhost:3003/_next/static/chunks/38544_next_dist_d3584be7._.js:2287
[  288216ms] [LOG] [Fast Refresh] rebuilding @ http://localhost:3003/_next/static/chunks/38544_next_dist_d3584be7._.js:2287
[  288241ms] [LOG] [Fast Refresh] done in 36ms @ http://localhost:3003/_next/static/chunks/38544_next_dist_d3584be7._.js:2287
[  295437ms] [LOG] [Fast Refresh] rebuilding @ http://localhost:3003/_next/static/chunks/38544_next_dist_d3584be7._.js:2287
[  295462ms] [LOG] [Fast Refresh] done in 38ms @ http://localhost:3003/_next/static/chunks/38544_next_dist_d3584be7._.js:2287
[  306750ms] [LOG] [Fast Refresh] rebuilding @ http://localhost:3003/_next/static/chunks/38544_next_dist_d3584be7._.js:2287
[  306773ms] [LOG] [Fast Refresh] done in 37ms @ http://localhost:3003/_next/static/chunks/38544_next_dist_d3584be7._.js:2287
[  312029ms] [LOG] [Fast Refresh] rebuilding @ http://localhost:3003/_next/static/chunks/38544_next_dist_d3584be7._.js:2287
[  312055ms] [LOG] [Fast Refresh] done in 32ms @ http://localhost:3003/_next/static/chunks/38544_next_dist_d3584be7._.js:2287
[  331281ms] [LOG] [Fast Refresh] rebuilding @ http://localhost:3003/_next/static/chunks/38544_next_dist_d3584be7._.js:2287
[  331308ms] [LOG] [Fast Refresh] done in 27ms @ http://localhost:3003/_next/static/chunks/38544_next_dist_d3584be7._.js:2287
[  342227ms] [LOG] [Fast Refresh] rebuilding @ http://localhost:3003/_next/static/chunks/38544_next_dist_d3584be7._.js:2287
[  342253ms] [LOG] [Fast Refresh] done in 29ms @ http://localhost:3003/_next/static/chunks/38544_next_dist_d3584be7._.js:2287
[  347112ms] [LOG] [Fast Refresh] rebuilding @ http://localhost:3003/_next/static/chunks/38544_next_dist_d3584be7._.js:2287
[  347139ms] [LOG] [Fast Refresh] done in 31ms @ http://localhost:3003/_next/static/chunks/38544_next_dist_d3584be7._.js:2287
[  355271ms] [LOG] [Fast Refresh] rebuilding @ http://localhost:3003/_next/static/chunks/38544_next_dist_d3584be7._.js:2287
[  355296ms] [LOG] [Fast Refresh] done in 32ms @ http://localhost:3003/_next/static/chunks/38544_next_dist_d3584be7._.js:2287
[  359692ms] [LOG] [Fast Refresh] rebuilding @ http://localhost:3003/_next/static/chunks/38544_next_dist_d3584be7._.js:2287
[  359719ms] [LOG] [Fast Refresh] done in 29ms @ http://localhost:3003/_next/static/chunks/38544_next_dist_d3584be7._.js:2287
[  362933ms] [LOG] [Fast Refresh] rebuilding @ http://localhost:3003/_next/static/chunks/38544_next_dist_d3584be7._.js:2287
[  362958ms] [LOG] [Fast Refresh] done in 31ms @ http://localhost:3003/_next/static/chunks/38544_next_dist_d3584be7._.js:2287
[  368705ms] [LOG] [Fast Refresh] rebuilding @ http://localhost:3003/_next/static/chunks/38544_next_dist_d3584be7._.js:2287
[  368731ms] [LOG] [Fast Refresh] done in 29ms @ http://localhost:3003/_next/static/chunks/38544_next_dist_d3584be7._.js:2287
[  379824ms] [LOG] [Fast Refresh] rebuilding @ http://localhost:3003/_next/static/chunks/38544_next_dist_d3584be7._.js:2287
[  379849ms] [LOG] [Fast Refresh] done in 39ms @ http://localhost:3003/_next/static/chunks/38544_next_dist_d3584be7._.js:2287
[  388555ms] [LOG] [Fast Refresh] rebuilding @ http://localhost:3003/_next/static/chunks/38544_next_dist_d3584be7._.js:2287
[  388581ms] [LOG] [Fast Refresh] done in 28ms @ http://localhost:3003/_next/static/chunks/38544_next_dist_d3584be7._.js:2287
[  396626ms] [LOG] [Fast Refresh] rebuilding @ http://localhost:3003/_next/static/chunks/38544_next_dist_d3584be7._.js:2287
[  396642ms] [LOG] [Fast Refresh] done in 41ms @ http://localhost:3003/_next/static/chunks/38544_next_dist_d3584be7._.js:2287
[  400087ms] [LOG] [Fast Refresh] rebuilding @ http://localhost:3003/_next/static/chunks/38544_next_dist_d3584be7._.js:2287
[  400104ms] [LOG] [Fast Refresh] done in 41ms @ http://localhost:3003/_next/static/chunks/38544_next_dist_d3584be7._.js:2287
[  404285ms] [LOG] [Fast Refresh] rebuilding @ http://localhost:3003/_next/static/chunks/38544_next_dist_d3584be7._.js:2287
[  404305ms] [LOG] [Fast Refresh] done in 36ms @ http://localhost:3003/_next/static/chunks/38544_next_dist_d3584be7._.js:2287
[  407715ms] [LOG] [Fast Refresh] rebuilding @ http://localhost:3003/_next/static/chunks/38544_next_dist_d3584be7._.js:2287
[  407732ms] [LOG] [Fast Refresh] done in 39ms @ http://localhost:3003/_next/static/chunks/38544_next_dist_d3584be7._.js:2287
[  410877ms] [LOG] [Fast Refresh] rebuilding @ http://localhost:3003/_next/static/chunks/38544_next_dist_d3584be7._.js:2287
[  410894ms] [LOG] [Fast Refresh] done in 38ms @ http://localhost:3003/_next/static/chunks/38544_next_dist_d3584be7._.js:2287
[  419460ms] [LOG] [Fast Refresh] rebuilding @ http://localhost:3003/_next/static/chunks/38544_next_dist_d3584be7._.js:2287
[  419479ms] [LOG] [Fast Refresh] done in 34ms @ http://localhost:3003/_next/static/chunks/38544_next_dist_d3584be7._.js:2287
[  424433ms] [LOG] [Fast Refresh] rebuilding @ http://localhost:3003/_next/static/chunks/38544_next_dist_d3584be7._.js:2287
[  424453ms] [LOG] [Fast Refresh] done in 41ms @ http://localhost:3003/_next/static/chunks/38544_next_dist_d3584be7._.js:2287
[  428132ms] [LOG] [Fast Refresh] rebuilding @ http://localhost:3003/_next/static/chunks/38544_next_dist_d3584be7._.js:2287
[  428153ms] [LOG] [Fast Refresh] done in 41ms @ http://localhost:3003/_next/static/chunks/38544_next_dist_d3584be7._.js:2287
[  431831ms] [LOG] [Fast Refresh] rebuilding @ http://localhost:3003/_next/static/chunks/38544_next_dist_d3584be7._.js:2287
[  431850ms] [LOG] [Fast Refresh] done in 37ms @ http://localhost:3003/_next/static/chunks/38544_next_dist_d3584be7._.js:2287
[  434560ms] [LOG] [Fast Refresh] rebuilding @ http://localhost:3003/_next/static/chunks/38544_next_dist_d3584be7._.js:2287
[  434579ms] [LOG] [Fast Refresh] done in 33ms @ http://localhost:3003/_next/static/chunks/38544_next_dist_d3584be7._.js:2287
[  438021ms] [LOG] [Fast Refresh] rebuilding @ http://localhost:3003/_next/static/chunks/38544_next_dist_d3584be7._.js:2287
[  438039ms] [LOG] [Fast Refresh] done in 43ms @ http://localhost:3003/_next/static/chunks/38544_next_dist_d3584be7._.js:2287
[  465607ms] [LOG] [Fast Refresh] rebuilding @ http://localhost:3003/_next/static/chunks/38544_next_dist_d3584be7._.js:2287
[  465633ms] [LOG] [Fast Refresh] done in 35ms @ http://localhost:3003/_next/static/chunks/38544_next_dist_d3584be7._.js:2287
